
######################oOOOo###########oOOOo##########################
#  HqFpga(TM) Release V3.0.5 (Summer 2024) Build FT091024
#  [Netlist Report]
#####################################################################
Date   : Sat Sep 14 10:00:14 2024

Library U_SYN
+----------------+-------+
| Cell Name      | Count |
+----------------+-------+
| xsXORCY        |    14 |
| xsMUXCY        |    14 |
| xsIOBI         |     3 |
| xsIOBO         |     1 |
| xsDFFSA_K1C1   |    19 |
| xsDFFSA_K1C1E1 |    24 |
| xsDFFSA_K1P1   |     4 |
| xsDFFSA_K1P1E1 |     6 |
| xsLUTSA3       |    16 |
| xsLUTSA4       |     4 |
| xsLUTSA2       |    20 |
| xsINVSA        |     3 |
| xsLUTSA6       |     4 |
| xsLUTSA5       |     3 |
+----------------+-------+
| Sum            |   135 |
+----------------+-------+

Library work
+-----------+-------+
| Cell Name | Count |
+-----------+-------+
| uart_demo |     1 |
+-----------+-------+
| Sum       |     1 |
+-----------+-------+

##########oOOOo###########oOOOo##############
#  HqFpga(TM) Release V3.0.5 (Summer 2024) Build FT091024
#  [Resource Utilization Report]
#############################################
Date   : Sat Sep 14 10:00:14 2024
Device : SA5Z-30-D1-8U213C

** Device Utilization Summary  ** 
+-----------------------------+------+-----------+----------+
| Resource Type               | Used | Available | Ratio(%) |
+-----------------------------+------+-----------+----------+
| PIO                         |    4 |       175 |      2 % |
| LUT                         |   47 |     20416 |      1 % |
| FF/LATCH                    |   53 |     40832 |      1 % |
| ----                        | ---- |      ---- |     ---- |
| IO-Register                 |    0 |       700 |      0 % |
| BLOCK-RAM(9K-Based)         |    0 |       138 |      0 % |
|  +- RAMB18K                 |    0 |        -- |       -- |
|  +- RAMB9K                  |    0 |        -- |       -- |
| DSP-PRADD                   |    0 |        46 |      0 % |
|  +- PRADD9 (half DSP-PRADD) |    0 |        -- |       -- |
|  +- PRADD18                 |    0 |        -- |       -- |
| DSP-MULTIPLIER              |    0 |        46 |      0 % |
|  +- MULT9 (half DSP-MULT)   |    0 |        -- |       -- |
|  +- MULT18                  |    0 |        -- |       -- |
| DSP-ALU                     |    0 |        23 |      0 % |
|  +- ALU24 (half DSP-ALU)    |    0 |        -- |       -- |
|  +- ALU54                   |    0 |        -- |       -- |
| PLL                         |    0 |         2 |      0 % |
| DQS                         |    0 |         2 |      0 % |
| DDRDLL                      |    0 |         5 |      0 % |
| EFB                         |    0 |         1 |      0 % |
| DDRCTRL                     |    0 |         1 |      0 % |
+-----------------------------+------+-----------+----------+
