
######################oOOOo###########oOOOo##########################
#  HqFpga(TM) Release V3.0.5 (Summer 2024) Build FT091024
#  [Netlist Report]
#####################################################################
Date   : Sat Sep 14 10:00:21 2024

Library U_ARCH
+-----------+-------+
| Cell Name | Count |
+-----------+-------+
| PIO       |     4 |
| IOLOGIC   |     2 |
| SLICEL    |    21 |
| TIEOFF    |     6 |
+-----------+-------+
| Sum       |    33 |
+-----------+-------+

Library work
+-----------+-------+
| Cell Name | Count |
+-----------+-------+
| uart_demo |     1 |
+-----------+-------+
| Sum       |     1 |
+-----------+-------+

** Routing resource usage summary **
===========================================
Wire Type      Number    Total       Ratio     
-------------------------------------------
X1V            71        44212        0.2%
X2V            28        25264        0.1%
X6V            10        25264        0.0%
X1H            29        50528        0.1%
X2H            23        75792        0.0%
X6H            6         50528        0.0%
LV             3         6316         0.0%
LB             1         6316         0.0%
===========================================
